// Jest Snapshot v1, https://goo.gl/fbAQLP

exports[`Header should match snapShot 1`] = `
<div
  className="Header"
>
  <Link
    to="/"
  >
    <img
      className="Header_image"
      src="StateOfAffairs.svg"
      type="image"
    />
  </Link>
</div>
`;
