// Jest Snapshot v1, https://goo.gl/fbAQLP

exports[`App should match snapShot 1`] = `
<main
  className="App__main"
>
  <Route
    path="/"
    render={[Function]}
  />
  <Route
    exact={true}
    path="/"
    render={[Function]}
  />
  <Route
    path="/stateInfo"
    render={[Function]}
  />
</main>
`;
